app/page.tsx(5,25): error TS2307: Cannot find module '@/lib/fetcher' or its corresponding type declarations.
app/page.tsx(6,30): error TS2307: Cannot find module '@/components/ClientIntakeForm' or its corresponding type declarations.
app/page.tsx(250,7): error TS17004: Cannot use JSX unless the '--jsx' flag is provided.
app/page.tsx(251,9): error TS17004: Cannot use JSX unless the '--jsx' flag is provided.
app/page.tsx(252,11): error TS17004: Cannot use JSX unless the '--jsx' flag is provided.
app/page.tsx(253,11): error TS17004: Cannot use JSX unless the '--jsx' flag is provided.
app/page.tsx(260,5): error TS17004: Cannot use JSX unless the '--jsx' flag is provided.
app/page.tsx(261,7): error TS17004: Cannot use JSX unless the '--jsx' flag is provided.
app/page.tsx(262,7): error TS17004: Cannot use JSX unless the '--jsx' flag is provided.
app/page.tsx(262,14): error TS2322: Type '{ children: string; jsx: true; }' is not assignable to type 'DetailedHTMLProps<StyleHTMLAttributes<HTMLStyleElement>, HTMLStyleElement>'.
  Property 'jsx' does not exist on type 'DetailedHTMLProps<StyleHTMLAttributes<HTMLStyleElement>, HTMLStyleElement>'.
app/page.tsx(282,9): error TS17004: Cannot use JSX unless the '--jsx' flag is provided.
app/page.tsx(283,11): error TS17004: Cannot use JSX unless the '--jsx' flag is provided.
app/page.tsx(284,13): error TS17004: Cannot use JSX unless the '--jsx' flag is provided.
app/page.tsx(285,15): error TS17004: Cannot use JSX unless the '--jsx' flag is provided.
app/page.tsx(286,15): error TS17004: Cannot use JSX unless the '--jsx' flag is provided.
app/page.tsx(288,13): error TS17004: Cannot use JSX unless the '--jsx' flag is provided.
app/page.tsx(290,17): error TS17004: Cannot use JSX unless the '--jsx' flag is provided.
app/page.tsx(295,19): error TS17004: Cannot use JSX unless the '--jsx' flag is provided.
app/page.tsx(296,19): error TS17004: Cannot use JSX unless the '--jsx' flag is provided.
app/page.tsx(297,19): error TS17004: Cannot use JSX unless the '--jsx' flag is provided.
app/page.tsx(298,21): error TS17004: Cannot use JSX unless the '--jsx' flag is provided.
app/page.tsx(309,9): error TS17004: Cannot use JSX unless the '--jsx' flag is provided.
app/page.tsx(311,39): error TS17004: Cannot use JSX unless the '--jsx' flag is provided.
app/page.tsx(311,85): error TS17004: Cannot use JSX unless the '--jsx' flag is provided.
app/page.tsx(312,11): error TS17004: Cannot use JSX unless the '--jsx' flag is provided.
app/page.tsx(317,7): error TS17004: Cannot use JSX unless the '--jsx' flag is provided.
app/page.tsx(319,11): error TS17004: Cannot use JSX unless the '--jsx' flag is provided.
app/page.tsx(320,13): error TS17004: Cannot use JSX unless the '--jsx' flag is provided.
app/page.tsx(321,15): error TS17004: Cannot use JSX unless the '--jsx' flag is provided.
app/page.tsx(323,13): error TS17004: Cannot use JSX unless the '--jsx' flag is provided.
app/page.tsx(324,15): error TS17004: Cannot use JSX unless the '--jsx' flag is provided.
app/page.tsx(325,15): error TS17004: Cannot use JSX unless the '--jsx' flag is provided.
app/page.tsx(332,11): error TS17004: Cannot use JSX unless the '--jsx' flag is provided.
app/page.tsx(333,13): error TS17004: Cannot use JSX unless the '--jsx' flag is provided.
app/page.tsx(334,13): error TS17004: Cannot use JSX unless the '--jsx' flag is provided.
app/page.tsx(335,15): error TS17004: Cannot use JSX unless the '--jsx' flag is provided.
app/page.tsx(336,17): error TS17004: Cannot use JSX unless the '--jsx' flag is provided.
app/page.tsx(337,19): error TS17004: Cannot use JSX unless the '--jsx' flag is provided.
app/page.tsx(339,17): error TS17004: Cannot use JSX unless the '--jsx' flag is provided.
app/page.tsx(340,19): error TS17004: Cannot use JSX unless the '--jsx' flag is provided.
app/page.tsx(341,19): error TS17004: Cannot use JSX unless the '--jsx' flag is provided.
app/page.tsx(345,13): error TS17004: Cannot use JSX unless the '--jsx' flag is provided.
app/page.tsx(347,17): error TS17004: Cannot use JSX unless the '--jsx' flag is provided.
app/page.tsx(350,19): error TS17004: Cannot use JSX unless the '--jsx' flag is provided.
app/page.tsx(351,21): error TS17004: Cannot use JSX unless the '--jsx' flag is provided.
app/page.tsx(352,21): error TS17004: Cannot use JSX unless the '--jsx' flag is provided.
app/page.tsx(354,19): error TS17004: Cannot use JSX unless the '--jsx' flag is provided.
app/page.tsx(355,21): error TS17004: Cannot use JSX unless the '--jsx' flag is provided.
app/page.tsx(356,21): error TS17004: Cannot use JSX unless the '--jsx' flag is provided.
app/page.tsx(358,19): error TS17004: Cannot use JSX unless the '--jsx' flag is provided.
app/page.tsx(359,21): error TS17004: Cannot use JSX unless the '--jsx' flag is provided.
app/page.tsx(360,23): error TS17004: Cannot use JSX unless the '--jsx' flag is provided.
app/page.tsx(363,21): error TS17004: Cannot use JSX unless the '--jsx' flag is provided.
app/page.tsx(373,7): error TS17004: Cannot use JSX unless the '--jsx' flag is provided.
app/page.tsx(374,9): error TS17004: Cannot use JSX unless the '--jsx' flag is provided.
app/page.tsx(375,11): error TS17004: Cannot use JSX unless the '--jsx' flag is provided.
app/page.tsx(376,22): error TS17004: Cannot use JSX unless the '--jsx' flag is provided.
app/page.tsx(378,11): error TS17004: Cannot use JSX unless the '--jsx' flag is provided.
app/page.tsx(379,13): error TS17004: Cannot use JSX unless the '--jsx' flag is provided.
app/page.tsx(380,15): error TS17004: Cannot use JSX unless the '--jsx' flag is provided.
app/page.tsx(386,9): error TS17004: Cannot use JSX unless the '--jsx' flag is provided.
app/page.tsx(387,11): error TS17004: Cannot use JSX unless the '--jsx' flag is provided.
app/page.tsx(388,13): error TS17004: Cannot use JSX unless the '--jsx' flag is provided.
app/page.tsx(389,13): error TS17004: Cannot use JSX unless the '--jsx' flag is provided.
app/page.tsx(396,9): error TS17004: Cannot use JSX unless the '--jsx' flag is provided.
app/page.tsx(397,11): error TS17004: Cannot use JSX unless the '--jsx' flag is provided.
app/page.tsx(398,13): error TS17004: Cannot use JSX unless the '--jsx' flag is provided.
app/page.tsx(399,15): error TS17004: Cannot use JSX unless the '--jsx' flag is provided.
app/page.tsx(402,13): error TS17004: Cannot use JSX unless the '--jsx' flag is provided.
app/page.tsx(403,15): error TS17004: Cannot use JSX unless the '--jsx' flag is provided.
app/page.tsx(404,17): error TS17004: Cannot use JSX unless the '--jsx' flag is provided.
app/page.tsx(405,19): error TS17004: Cannot use JSX unless the '--jsx' flag is provided.
app/page.tsx(408,17): error TS17004: Cannot use JSX unless the '--jsx' flag is provided.
app/page.tsx(410,1): error TS17004: Cannot use JSX unless the '--jsx' flag is provided.
app/page.tsx(413,13): error TS17004: Cannot use JSX unless the '--jsx' flag is provided.
app/page.tsx(414,15): error TS17004: Cannot use JSX unless the '--jsx' flag is provided.
app/page.tsx(415,17): error TS17004: Cannot use JSX unless the '--jsx' flag is provided.
app/page.tsx(416,19): error TS17004: Cannot use JSX unless the '--jsx' flag is provided.
app/page.tsx(417,21): error TS17004: Cannot use JSX unless the '--jsx' flag is provided.
app/page.tsx(418,21): error TS17004: Cannot use JSX unless the '--jsx' flag is provided.
app/page.tsx(419,21): error TS17004: Cannot use JSX unless the '--jsx' flag is provided.
app/page.tsx(420,21): error TS17004: Cannot use JSX unless the '--jsx' flag is provided.
app/page.tsx(421,21): error TS17004: Cannot use JSX unless the '--jsx' flag is provided.
app/page.tsx(424,17): error TS17004: Cannot use JSX unless the '--jsx' flag is provided.
app/page.tsx(426,21): error TS17004: Cannot use JSX unless the '--jsx' flag is provided.
app/page.tsx(427,23): error TS17004: Cannot use JSX unless the '--jsx' flag is provided.
app/page.tsx(430,27): error TS17004: Cannot use JSX unless the '--jsx' flag is provided.
app/page.tsx(435,23): error TS17004: Cannot use JSX unless the '--jsx' flag is provided.
app/page.tsx(436,23): error TS17004: Cannot use JSX unless the '--jsx' flag is provided.
app/page.tsx(438,27): error TS17004: Cannot use JSX unless the '--jsx' flag is provided.
app/page.tsx(439,29): error TS17004: Cannot use JSX unless the '--jsx' flag is provided.
app/page.tsx(445,27): error TS17004: Cannot use JSX unless the '--jsx' flag is provided.
app/page.tsx(448,23): error TS17004: Cannot use JSX unless the '--jsx' flag is provided.
app/page.tsx(449,25): error TS17004: Cannot use JSX unless the '--jsx' flag is provided.
app/page.tsx(458,23): error TS17004: Cannot use JSX unless the '--jsx' flag is provided.
app/page.tsx(459,25): error TS17004: Cannot use JSX unless the '--jsx' flag is provided.
app/page.tsx(465,25): error TS17004: Cannot use JSX unless the '--jsx' flag is provided.
app/page.tsx(469,27): error TS17004: Cannot use JSX unless the '--jsx' flag is provided.
app/page.tsx(475,21): error TS17004: Cannot use JSX unless the '--jsx' flag is provided.
app/page.tsx(476,23): error TS17004: Cannot use JSX unless the '--jsx' flag is provided.
app/page.tsx(488,9): error TS17004: Cannot use JSX unless the '--jsx' flag is provided.
app/page.tsx(489,11): error TS17004: Cannot use JSX unless the '--jsx' flag is provided.
app/page.tsx(495,9): error TS17004: Cannot use JSX unless the '--jsx' flag is provided.
app/page.tsx(496,11): error TS17004: Cannot use JSX unless the '--jsx' flag is provided.
app/page.tsx(497,13): error TS17004: Cannot use JSX unless the '--jsx' flag is provided.
app/page.tsx(498,15): error TS17004: Cannot use JSX unless the '--jsx' flag is provided.
app/page.tsx(499,17): error TS17004: Cannot use JSX unless the '--jsx' flag is provided.
app/page.tsx(500,17): error TS17004: Cannot use JSX unless the '--jsx' flag is provided.
app/page.tsx(502,15): error TS17004: Cannot use JSX unless the '--jsx' flag is provided.
app/page.tsx(503,17): error TS17004: Cannot use JSX unless the '--jsx' flag is provided.
app/page.tsx(504,19): error TS17004: Cannot use JSX unless the '--jsx' flag is provided.
app/page.tsx(505,21): error TS17004: Cannot use JSX unless the '--jsx' flag is provided.
app/page.tsx(506,23): error TS17004: Cannot use JSX unless the '--jsx' flag is provided.
app/page.tsx(507,23): error TS17004: Cannot use JSX unless the '--jsx' flag is provided.
app/page.tsx(508,23): error TS17004: Cannot use JSX unless the '--jsx' flag is provided.
app/page.tsx(509,23): error TS17004: Cannot use JSX unless the '--jsx' flag is provided.
app/page.tsx(512,19): error TS17004: Cannot use JSX unless the '--jsx' flag is provided.
app/page.tsx(514,23): error TS17004: Cannot use JSX unless the '--jsx' flag is provided.
app/page.tsx(515,25): error TS17004: Cannot use JSX unless the '--jsx' flag is provided.
app/page.tsx(518,29): error TS17004: Cannot use JSX unless the '--jsx' flag is provided.
app/page.tsx(521,25): error TS17004: Cannot use JSX unless the '--jsx' flag is provided.
app/page.tsx(522,25): error TS17004: Cannot use JSX unless the '--jsx' flag is provided.
app/page.tsx(523,25): error TS17004: Cannot use JSX unless the '--jsx' flag is provided.
app/page.tsx(524,27): error TS17004: Cannot use JSX unless the '--jsx' flag is provided.
app/page.tsx(534,11): error TS17004: Cannot use JSX unless the '--jsx' flag is provided.
app/page.tsx(535,13): error TS17004: Cannot use JSX unless the '--jsx' flag is provided.
app/page.tsx(536,15): error TS17004: Cannot use JSX unless the '--jsx' flag is provided.
app/page.tsx(537,15): error TS17004: Cannot use JSX unless the '--jsx' flag is provided.
app/page.tsx(538,17): error TS17004: Cannot use JSX unless the '--jsx' flag is provided.
app/page.tsx(541,15): error TS17004: Cannot use JSX unless the '--jsx' flag is provided.
app/page.tsx(542,17): error TS17004: Cannot use JSX unless the '--jsx' flag is provided.
app/page.tsx(543,19): error TS17004: Cannot use JSX unless the '--jsx' flag is provided.
app/page.tsx(544,21): error TS17004: Cannot use JSX unless the '--jsx' flag is provided.
app/page.tsx(545,21): error TS17004: Cannot use JSX unless the '--jsx' flag is provided.
app/page.tsx(555,9): error TS17004: Cannot use JSX unless the '--jsx' flag is provided.
app/page.tsx(556,11): error TS17004: Cannot use JSX unless the '--jsx' flag is provided.
app/page.tsx(563,15): error TS17004: Cannot use JSX unless the '--jsx' flag is provided.
app/page.tsx(564,17): error TS17004: Cannot use JSX unless the '--jsx' flag is provided.
app/page.tsx(565,19): error TS17004: Cannot use JSX unless the '--jsx' flag is provided.
app/page.tsx(567,17): error TS17004: Cannot use JSX unless the '--jsx' flag is provided.
app/page.tsx(568,17): error TS17004: Cannot use JSX unless the '--jsx' flag is provided.
app/page.tsx(573,11): error TS17004: Cannot use JSX unless the '--jsx' flag is provided.
app/page.tsx(574,13): error TS17004: Cannot use JSX unless the '--jsx' flag is provided.
app/page.tsx(576,13): error TS17004: Cannot use JSX unless the '--jsx' flag is provided.
app/page.tsx(577,15): error TS17004: Cannot use JSX unless the '--jsx' flag is provided.
app/page.tsx(578,17): error TS17004: Cannot use JSX unless the '--jsx' flag is provided.
app/page.tsx(579,19): error TS17004: Cannot use JSX unless the '--jsx' flag is provided.
app/page.tsx(582,17): error TS17004: Cannot use JSX unless the '--jsx' flag is provided.
app/page.tsx(584,15): error TS17004: Cannot use JSX unless the '--jsx' flag is provided.
app/page.tsx(589,13): error TS17004: Cannot use JSX unless the '--jsx' flag is provided.
app/page.tsx(600,19): error TS17004: Cannot use JSX unless the '--jsx' flag is provided.
app/page.tsx(601,21): error TS17004: Cannot use JSX unless the '--jsx' flag is provided.
app/page.tsx(602,23): error TS17004: Cannot use JSX unless the '--jsx' flag is provided.
app/page.tsx(606,25): error TS17004: Cannot use JSX unless the '--jsx' flag is provided.
app/page.tsx(609,25): error TS17004: Cannot use JSX unless the '--jsx' flag is provided.
app/page.tsx(610,27): error TS17004: Cannot use JSX unless the '--jsx' flag is provided.
app/page.tsx(612,29): error TS17004: Cannot use JSX unless the '--jsx' flag is provided.
app/page.tsx(614,27): error TS17004: Cannot use JSX unless the '--jsx' flag is provided.
app/page.tsx(615,29): error TS17004: Cannot use JSX unless the '--jsx' flag is provided.
app/page.tsx(616,29): error TS17004: Cannot use JSX unless the '--jsx' flag is provided.
app/page.tsx(621,23): error TS17004: Cannot use JSX unless the '--jsx' flag is provided.
app/page.tsx(622,25): error TS17004: Cannot use JSX unless the '--jsx' flag is provided.
app/page.tsx(623,27): error TS17004: Cannot use JSX unless the '--jsx' flag is provided.
app/page.tsx(624,27): error TS17004: Cannot use JSX unless the '--jsx' flag is provided.
app/page.tsx(626,29): error TS17004: Cannot use JSX unless the '--jsx' flag is provided.
app/page.tsx(630,25): error TS17004: Cannot use JSX unless the '--jsx' flag is provided.
app/page.tsx(635,27): error TS17004: Cannot use JSX unless the '--jsx' flag is provided.
app/page.tsx(641,23): error TS17004: Cannot use JSX unless the '--jsx' flag is provided.
app/page.tsx(642,25): error TS17004: Cannot use JSX unless the '--jsx' flag is provided.
app/page.tsx(643,27): error TS17004: Cannot use JSX unless the '--jsx' flag is provided.
app/page.tsx(644,27): error TS17004: Cannot use JSX unless the '--jsx' flag is provided.
app/page.tsx(647,33): error TS17004: Cannot use JSX unless the '--jsx' flag is provided.
app/page.tsx(652,35): error TS17004: Cannot use JSX unless the '--jsx' flag is provided.
app/page.tsx(653,37): error TS17004: Cannot use JSX unless the '--jsx' flag is provided.
app/page.tsx(654,39): error TS17004: Cannot use JSX unless the '--jsx' flag is provided.
app/page.tsx(656,41): error TS17004: Cannot use JSX unless the '--jsx' flag is provided.
app/page.tsx(659,37): error TS17004: Cannot use JSX unless the '--jsx' flag is provided.
app/page.tsx(660,39): error TS17004: Cannot use JSX unless the '--jsx' flag is provided.
app/page.tsx(661,39): error TS17004: Cannot use JSX unless the '--jsx' flag is provided.
app/page.tsx(664,35): error TS17004: Cannot use JSX unless the '--jsx' flag is provided.
app/page.tsx(665,37): error TS17004: Cannot use JSX unless the '--jsx' flag is provided.
app/page.tsx(674,37): error TS17004: Cannot use JSX unless the '--jsx' flag is provided.
app/page.tsx(679,31): error TS17004: Cannot use JSX unless the '--jsx' flag is provided.
app/page.tsx(680,33): error TS17004: Cannot use JSX unless the '--jsx' flag is provided.
app/page.tsx(681,33): error TS17004: Cannot use JSX unless the '--jsx' flag is provided.
app/page.tsx(681,116): error TS17004: Cannot use JSX unless the '--jsx' flag is provided.
app/page.tsx(689,21): error TS17004: Cannot use JSX unless the '--jsx' flag is provided.
app/page.tsx(690,23): error TS17004: Cannot use JSX unless the '--jsx' flag is provided.
app/page.tsx(700,17): error TS17004: Cannot use JSX unless the '--jsx' flag is provided.
app/page.tsx(701,19): error TS17004: Cannot use JSX unless the '--jsx' flag is provided.
app/page.tsx(702,19): error TS17004: Cannot use JSX unless the '--jsx' flag is provided.
app/page.tsx(712,9): error TS17004: Cannot use JSX unless the '--jsx' flag is provided.
app/page.tsx(713,11): error TS17004: Cannot use JSX unless the '--jsx' flag is provided.
app/page.tsx(714,13): error TS17004: Cannot use JSX unless the '--jsx' flag is provided.
app/page.tsx(715,15): error TS17004: Cannot use JSX unless the '--jsx' flag is provided.
app/page.tsx(716,15): error TS17004: Cannot use JSX unless the '--jsx' flag is provided.
app/page.tsx(718,13): error TS17004: Cannot use JSX unless the '--jsx' flag is provided.
app/page.tsx(723,11): error TS17004: Cannot use JSX unless the '--jsx' flag is provided.
app/page.tsx(724,13): error TS17004: Cannot use JSX unless the '--jsx' flag is provided.
app/page.tsx(725,15): error TS17004: Cannot use JSX unless the '--jsx' flag is provided.
app/page.tsx(726,17): error TS17004: Cannot use JSX unless the '--jsx' flag is provided.
app/page.tsx(727,19): error TS17004: Cannot use JSX unless the '--jsx' flag is provided.
app/page.tsx(728,19): error TS17004: Cannot use JSX unless the '--jsx' flag is provided.
app/page.tsx(729,19): error TS17004: Cannot use JSX unless the '--jsx' flag is provided.
app/page.tsx(730,19): error TS17004: Cannot use JSX unless the '--jsx' flag is provided.
app/page.tsx(731,19): error TS17004: Cannot use JSX unless the '--jsx' flag is provided.
app/page.tsx(734,15): error TS17004: Cannot use JSX unless the '--jsx' flag is provided.
app/page.tsx(736,19): error TS17004: Cannot use JSX unless the '--jsx' flag is provided.
app/page.tsx(737,21): error TS17004: Cannot use JSX unless the '--jsx' flag is provided.
app/page.tsx(740,21): error TS17004: Cannot use JSX unless the '--jsx' flag is provided.
app/page.tsx(741,21): error TS17004: Cannot use JSX unless the '--jsx' flag is provided.
app/page.tsx(742,21): error TS17004: Cannot use JSX unless the '--jsx' flag is provided.
app/page.tsx(743,23): error TS17004: Cannot use JSX unless the '--jsx' flag is provided.
app/page.tsx(744,25): error TS17004: Cannot use JSX unless the '--jsx' flag is provided.
app/page.tsx(751,46): error TS17004: Cannot use JSX unless the '--jsx' flag is provided.
app/page.tsx(753,25): error TS17004: Cannot use JSX unless the '--jsx' flag is provided.
app/page.tsx(758,27): error TS17004: Cannot use JSX unless the '--jsx' flag is provided.
app/page.tsx(762,21): error TS17004: Cannot use JSX unless the '--jsx' flag is provided.
app/page.tsx(763,23): error TS17004: Cannot use JSX unless the '--jsx' flag is provided.
app/page.tsx(773,19): error TS17004: Cannot use JSX unless the '--jsx' flag is provided.
app/page.tsx(774,21): error TS17004: Cannot use JSX unless the '--jsx' flag is provided.
app/page.tsx(789,9): error TS17004: Cannot use JSX unless the '--jsx' flag is provided.
app/page.tsx(790,11): error TS17004: Cannot use JSX unless the '--jsx' flag is provided.
app/page.tsx(793,13): error TS17004: Cannot use JSX unless the '--jsx' flag is provided.
app/page.tsx(794,15): error TS17004: Cannot use JSX unless the '--jsx' flag is provided.
app/page.tsx(795,17): error TS17004: Cannot use JSX unless the '--jsx' flag is provided.
app/page.tsx(796,17): error TS17004: Cannot use JSX unless the '--jsx' flag is provided.
app/page.tsx(798,15): error TS17004: Cannot use JSX unless the '--jsx' flag is provided.
app/page.tsx(802,17): error TS17004: Cannot use JSX unless the '--jsx' flag is provided.
app/page.tsx(806,13): error TS17004: Cannot use JSX unless the '--jsx' flag is provided.
app/page.tsx(807,15): error TS17004: Cannot use JSX unless the '--jsx' flag is provided.
app/page.tsx(808,17): error TS17004: Cannot use JSX unless the '--jsx' flag is provided.
app/page.tsx(809,19): error TS17004: Cannot use JSX unless the '--jsx' flag is provided.
app/page.tsx(810,19): error TS17004: Cannot use JSX unless the '--jsx' flag is provided.
app/page.tsx(816,17): error TS17004: Cannot use JSX unless the '--jsx' flag is provided.
app/page.tsx(817,19): error TS17004: Cannot use JSX unless the '--jsx' flag is provided.
app/page.tsx(818,19): error TS17004: Cannot use JSX unless the '--jsx' flag is provided.
app/page.tsx(823,21): error TS17004: Cannot use JSX unless the '--jsx' flag is provided.
app/page.tsx(824,21): error TS17004: Cannot use JSX unless the '--jsx' flag is provided.
app/page.tsx(825,21): error TS17004: Cannot use JSX unless the '--jsx' flag is provided.
app/page.tsx(826,21): error TS17004: Cannot use JSX unless the '--jsx' flag is provided.
app/page.tsx(827,21): error TS17004: Cannot use JSX unless the '--jsx' flag is provided.
app/page.tsx(828,21): error TS17004: Cannot use JSX unless the '--jsx' flag is provided.
app/page.tsx(829,21): error TS17004: Cannot use JSX unless the '--jsx' flag is provided.
app/page.tsx(830,21): error TS17004: Cannot use JSX unless the '--jsx' flag is provided.
app/page.tsx(831,21): error TS17004: Cannot use JSX unless the '--jsx' flag is provided.
app/page.tsx(832,21): error TS17004: Cannot use JSX unless the '--jsx' flag is provided.
app/page.tsx(833,21): error TS17004: Cannot use JSX unless the '--jsx' flag is provided.
app/page.tsx(839,15): error TS17004: Cannot use JSX unless the '--jsx' flag is provided.
app/page.tsx(840,17): error TS17004: Cannot use JSX unless the '--jsx' flag is provided.
app/page.tsx(841,19): error TS17004: Cannot use JSX unless the '--jsx' flag is provided.
app/page.tsx(842,21): error TS17004: Cannot use JSX unless the '--jsx' flag is provided.
app/page.tsx(846,17): error TS17004: Cannot use JSX unless the '--jsx' flag is provided.
app/page.tsx(847,19): error TS17004: Cannot use JSX unless the '--jsx' flag is provided.
app/page.tsx(848,21): error TS17004: Cannot use JSX unless the '--jsx' flag is provided.
app/page.tsx(849,21): error TS17004: Cannot use JSX unless the '--jsx' flag is provided.
app/page.tsx(855,19): error TS17004: Cannot use JSX unless the '--jsx' flag is provided.
app/page.tsx(856,21): error TS17004: Cannot use JSX unless the '--jsx' flag is provided.
app/page.tsx(857,21): error TS17004: Cannot use JSX unless the '--jsx' flag is provided.
app/page.tsx(863,19): error TS17004: Cannot use JSX unless the '--jsx' flag is provided.
app/page.tsx(864,21): error TS17004: Cannot use JSX unless the '--jsx' flag is provided.
app/page.tsx(865,21): error TS17004: Cannot use JSX unless the '--jsx' flag is provided.
app/page.tsx(872,19): error TS17004: Cannot use JSX unless the '--jsx' flag is provided.
app/page.tsx(873,21): error TS17004: Cannot use JSX unless the '--jsx' flag is provided.
app/page.tsx(874,21): error TS17004: Cannot use JSX unless the '--jsx' flag is provided.
app/page.tsx(880,19): error TS17004: Cannot use JSX unless the '--jsx' flag is provided.
app/page.tsx(881,21): error TS17004: Cannot use JSX unless the '--jsx' flag is provided.
app/page.tsx(882,21): error TS17004: Cannot use JSX unless the '--jsx' flag is provided.
app/page.tsx(887,23): error TS17004: Cannot use JSX unless the '--jsx' flag is provided.
app/page.tsx(888,23): error TS17004: Cannot use JSX unless the '--jsx' flag is provided.
app/page.tsx(889,23): error TS17004: Cannot use JSX unless the '--jsx' flag is provided.
app/page.tsx(890,23): error TS17004: Cannot use JSX unless the '--jsx' flag is provided.
app/page.tsx(891,23): error TS17004: Cannot use JSX unless the '--jsx' flag is provided.
app/page.tsx(892,23): error TS17004: Cannot use JSX unless the '--jsx' flag is provided.
app/page.tsx(893,23): error TS17004: Cannot use JSX unless the '--jsx' flag is provided.
app/page.tsx(894,23): error TS17004: Cannot use JSX unless the '--jsx' flag is provided.
app/page.tsx(897,19): error TS17004: Cannot use JSX unless the '--jsx' flag is provided.
app/page.tsx(898,21): error TS17004: Cannot use JSX unless the '--jsx' flag is provided.
app/page.tsx(899,21): error TS17004: Cannot use JSX unless the '--jsx' flag is provided.
app/page.tsx(909,15): error TS17004: Cannot use JSX unless the '--jsx' flag is provided.
app/page.tsx(910,17): error TS17004: Cannot use JSX unless the '--jsx' flag is provided.
app/page.tsx(911,19): error TS17004: Cannot use JSX unless the '--jsx' flag is provided.
app/page.tsx(912,21): error TS17004: Cannot use JSX unless the '--jsx' flag is provided.
app/page.tsx(916,17): error TS17004: Cannot use JSX unless the '--jsx' flag is provided.
app/page.tsx(917,19): error TS17004: Cannot use JSX unless the '--jsx' flag is provided.
app/page.tsx(918,21): error TS17004: Cannot use JSX unless the '--jsx' flag is provided.
app/page.tsx(919,21): error TS17004: Cannot use JSX unless the '--jsx' flag is provided.
app/page.tsx(925,19): error TS17004: Cannot use JSX unless the '--jsx' flag is provided.
app/page.tsx(926,21): error TS17004: Cannot use JSX unless the '--jsx' flag is provided.
app/page.tsx(927,21): error TS17004: Cannot use JSX unless the '--jsx' flag is provided.
app/page.tsx(938,15): error TS17004: Cannot use JSX unless the '--jsx' flag is provided.
app/page.tsx(939,17): error TS17004: Cannot use JSX unless the '--jsx' flag is provided.
app/page.tsx(940,19): error TS17004: Cannot use JSX unless the '--jsx' flag is provided.
app/page.tsx(941,21): error TS17004: Cannot use JSX unless the '--jsx' flag is provided.
app/page.tsx(942,23): error TS17004: Cannot use JSX unless the '--jsx' flag is provided.
app/page.tsx(946,19): error TS17004: Cannot use JSX unless the '--jsx' flag is provided.
app/page.tsx(957,17): error TS17004: Cannot use JSX unless the '--jsx' flag is provided.
app/page.tsx(959,21): error TS17004: Cannot use JSX unless the '--jsx' flag is provided.
app/page.tsx(960,23): error TS17004: Cannot use JSX unless the '--jsx' flag is provided.
app/page.tsx(961,25): error TS17004: Cannot use JSX unless the '--jsx' flag is provided.
app/page.tsx(962,27): error TS17004: Cannot use JSX unless the '--jsx' flag is provided.
app/page.tsx(963,42): error TS17004: Cannot use JSX unless the '--jsx' flag is provided.
app/page.tsx(963,153): error TS17004: Cannot use JSX unless the '--jsx' flag is provided.
app/page.tsx(965,25): error TS17004: Cannot use JSX unless the '--jsx' flag is provided.
app/page.tsx(976,23): error TS17004: Cannot use JSX unless the '--jsx' flag is provided.
app/page.tsx(977,25): error TS17004: Cannot use JSX unless the '--jsx' flag is provided.
app/page.tsx(978,25): error TS17004: Cannot use JSX unless the '--jsx' flag is provided.
app/page.tsx(979,27): error TS17004: Cannot use JSX unless the '--jsx' flag is provided.
app/page.tsx(989,27): error TS17004: Cannot use JSX unless the '--jsx' flag is provided.
app/page.tsx(990,29): error TS17004: Cannot use JSX unless the '--jsx' flag is provided.
app/page.tsx(1003,31): error TS17004: Cannot use JSX unless the '--jsx' flag is provided.
app/page.tsx(1005,29): error TS17004: Cannot use JSX unless the '--jsx' flag is provided.
app/page.tsx(1013,31): error TS17004: Cannot use JSX unless the '--jsx' flag is provided.
app/page.tsx(1025,17): error TS17004: Cannot use JSX unless the '--jsx' flag is provided.
app/page.tsx(1026,19): error TS17004: Cannot use JSX unless the '--jsx' flag is provided.
app/page.tsx(1027,21): error TS17004: Cannot use JSX unless the '--jsx' flag is provided.
app/page.tsx(1028,23): error TS17004: Cannot use JSX unless the '--jsx' flag is provided.
app/page.tsx(1031,21): error TS17004: Cannot use JSX unless the '--jsx' flag is provided.
app/page.tsx(1036,23): error TS17004: Cannot use JSX unless the '--jsx' flag is provided.
app/page.tsx(1038,25): error TS17004: Cannot use JSX unless the '--jsx' flag is provided.
app/page.tsx(1048,15): error TS17004: Cannot use JSX unless the '--jsx' flag is provided.
app/page.tsx(1051,19): error TS17004: Cannot use JSX unless the '--jsx' flag is provided.
app/page.tsx(1052,21): error TS17004: Cannot use JSX unless the '--jsx' flag is provided.
app/page.tsx(1053,23): error TS17004: Cannot use JSX unless the '--jsx' flag is provided.
app/page.tsx(1054,25): error TS17004: Cannot use JSX unless the '--jsx' flag is provided.
app/page.tsx(1058,25): error TS17004: Cannot use JSX unless the '--jsx' flag is provided.
app/page.tsx(1063,21): error TS17004: Cannot use JSX unless the '--jsx' flag is provided.
app/page.tsx(1066,25): error TS17004: Cannot use JSX unless the '--jsx' flag is provided.
app/page.tsx(1067,27): error TS17004: Cannot use JSX unless the '--jsx' flag is provided.
app/page.tsx(1068,29): error TS17004: Cannot use JSX unless the '--jsx' flag is provided.
app/page.tsx(1069,29): error TS17004: Cannot use JSX unless the '--jsx' flag is provided.
app/page.tsx(1071,27): error TS17004: Cannot use JSX unless the '--jsx' flag is provided.
app/page.tsx(1072,29): error TS17004: Cannot use JSX unless the '--jsx' flag is provided.
app/page.tsx(1073,29): error TS17004: Cannot use JSX unless the '--jsx' flag is provided.
app/page.tsx(1078,25): error TS17004: Cannot use JSX unless the '--jsx' flag is provided.
app/page.tsx(1085,27): error TS17004: Cannot use JSX unless the '--jsx' flag is provided.
app/page.tsx(1086,29): error TS17004: Cannot use JSX unless the '--jsx' flag is provided.
app/page.tsx(1092,29): error TS17004: Cannot use JSX unless the '--jsx' flag is provided.
app/page.tsx(1096,27): error TS17004: Cannot use JSX unless the '--jsx' flag is provided.
app/page.tsx(1107,19): error TS17004: Cannot use JSX unless the '--jsx' flag is provided.
app/page.tsx(1108,21): error TS17004: Cannot use JSX unless the '--jsx' flag is provided.
app/page.tsx(1109,23): error TS17004: Cannot use JSX unless the '--jsx' flag is provided.
app/page.tsx(1112,21): error TS17004: Cannot use JSX unless the '--jsx' flag is provided.
app/page.tsx(1119,17): error TS17004: Cannot use JSX unless the '--jsx' flag is provided.
app/page.tsx(1120,19): error TS17004: Cannot use JSX unless the '--jsx' flag is provided.
app/page.tsx(1121,21): error TS17004: Cannot use JSX unless the '--jsx' flag is provided.
app/page.tsx(1124,19): error TS17004: Cannot use JSX unless the '--jsx' flag is provided.
app/page.tsx(1131,19): error TS17004: Cannot use JSX unless the '--jsx' flag is provided.
app/page.tsx(1137,38): error TS17004: Cannot use JSX unless the '--jsx' flag is provided.
app/page.tsx(1142,15): error TS17004: Cannot use JSX unless the '--jsx' flag is provided.
app/page.tsx(1143,17): error TS17004: Cannot use JSX unless the '--jsx' flag is provided.
app/page.tsx(1150,17): error TS17004: Cannot use JSX unless the '--jsx' flag is provided.
app/page.tsx(1155,36): error TS17004: Cannot use JSX unless the '--jsx' flag is provided.
app/page.tsx(1164,9): error TS17004: Cannot use JSX unless the '--jsx' flag is provided.
app/page.tsx(1165,11): error TS17004: Cannot use JSX unless the '--jsx' flag is provided.
app/page.tsx(1166,13): error TS17004: Cannot use JSX unless the '--jsx' flag is provided.
app/page.tsx(1167,15): error TS17004: Cannot use JSX unless the '--jsx' flag is provided.
app/page.tsx(1168,17): error TS17004: Cannot use JSX unless the '--jsx' flag is provided.
app/page.tsx(1169,19): error TS17004: Cannot use JSX unless the '--jsx' flag is provided.
app/page.tsx(1171,17): error TS17004: Cannot use JSX unless the '--jsx' flag is provided.
app/page.tsx(1172,19): error TS17004: Cannot use JSX unless the '--jsx' flag is provided.
app/page.tsx(1173,19): error TS17004: Cannot use JSX unless the '--jsx' flag is provided.
app/page.tsx(1176,15): error TS17004: Cannot use JSX unless the '--jsx' flag is provided.
app/page.tsx(1180,17): error TS17004: Cannot use JSX unless the '--jsx' flag is provided.
app/page.tsx(1184,13): error TS17004: Cannot use JSX unless the '--jsx' flag is provided.
app/page.tsx(1185,15): error TS17004: Cannot use JSX unless the '--jsx' flag is provided.
app/page.tsx(1186,17): error TS17004: Cannot use JSX unless the '--jsx' flag is provided.
app/page.tsx(1187,17): error TS17004: Cannot use JSX unless the '--jsx' flag is provided.
app/page.tsx(1197,15): error TS17004: Cannot use JSX unless the '--jsx' flag is provided.
app/page.tsx(1198,17): error TS17004: Cannot use JSX unless the '--jsx' flag is provided.
app/page.tsx(1204,17): error TS17004: Cannot use JSX unless the '--jsx' flag is provided.
app/page.tsx(1209,36): error TS17004: Cannot use JSX unless the '--jsx' flag is provided.
app/page.tsx(1209,84): error TS17004: Cannot use JSX unless the '--jsx' flag is provided.
app/page.tsx(1223,5): error TS17004: Cannot use JSX unless the '--jsx' flag is provided.
app/page.tsx(1224,7): error TS17004: Cannot use JSX unless the '--jsx' flag is provided.
app/page.tsx(1225,9): error TS17004: Cannot use JSX unless the '--jsx' flag is provided.
app/page.tsx(1228,7): error TS17004: Cannot use JSX unless the '--jsx' flag is provided.
node_modules/next/dist/build/templates/app-page.d.ts(10,40): error TS2307: Cannot find module 'VAR_MODULE_GLOBAL_ERROR' or its corresponding type declarations.
node_modules/next/dist/build/webpack-config.d.ts(11,104): error TS2694: Namespace '"E:/immigration-portal/node_modules/next/dist/compiled/webpack/webpack".webpack' has no exported member 'RuleSetUseItem'.
node_modules/next/dist/build/webpack/loaders/next-app-loader.d.ts(1,13): error TS2613: Module '"E:/immigration-portal/node_modules/next/dist/compiled/webpack/webpack"' has no default export. Did you mean to use 'import { webpack } from "E:/immigration-portal/node_modules/next/dist/compiled/webpack/webpack"' instead?
node_modules/next/dist/build/webpack/plugins/define-env-plugin.d.ts(73,86): error TS2694: Namespace '"E:/immigration-portal/node_modules/next/dist/compiled/webpack/webpack".webpack' has no exported member 'DefinePlugin'.
node_modules/next/dist/client/components/error-boundary.d.ts(1,8): error TS1259: Module '"E:/immigration-portal/node_modules/@types/react/index"' can only be default-imported using the 'esModuleInterop' flag
node_modules/next/dist/client/components/layout-router.d.ts(3,8): error TS1259: Module '"E:/immigration-portal/node_modules/@types/react/index"' can only be default-imported using the 'esModuleInterop' flag
node_modules/next/dist/client/components/not-found-boundary.d.ts(1,8): error TS1259: Module '"E:/immigration-portal/node_modules/@types/react/index"' can only be default-imported using the 'esModuleInterop' flag
node_modules/next/dist/client/components/static-generation-searchparams-bailout-provider.d.ts(1,8): error TS1259: Module '"E:/immigration-portal/node_modules/@types/react/index"' can only be default-imported using the 'esModuleInterop' flag
node_modules/next/dist/client/link.d.ts(2,8): error TS1259: Module '"E:/immigration-portal/node_modules/@types/react/index"' can only be default-imported using the 'esModuleInterop' flag
node_modules/next/dist/client/with-router.d.ts(1,8): error TS1259: Module '"E:/immigration-portal/node_modules/@types/react/index"' can only be default-imported using the 'esModuleInterop' flag
node_modules/next/dist/server/app-render/entry-base.d.ts(1,85): error TS2307: Cannot find module 'react-server-dom-webpack/server.edge' or its corresponding type declarations.
node_modules/next/dist/server/render.d.ts(16,8): error TS1259: Module '"E:/immigration-portal/node_modules/@types/react/index"' can only be default-imported using the 'esModuleInterop' flag
node_modules/next/dist/shared/lib/amp-context.shared-runtime.d.ts(1,8): error TS1259: Module '"E:/immigration-portal/node_modules/@types/react/index"' can only be default-imported using the 'esModuleInterop' flag
node_modules/next/dist/shared/lib/app-router-context.shared-runtime.d.ts(4,8): error TS1259: Module '"E:/immigration-portal/node_modules/@types/react/index"' can only be default-imported using the 'esModuleInterop' flag
node_modules/next/dist/shared/lib/head-manager-context.shared-runtime.d.ts(1,8): error TS1259: Module '"E:/immigration-portal/node_modules/@types/react/index"' can only be default-imported using the 'esModuleInterop' flag
node_modules/next/dist/shared/lib/image-config-context.shared-runtime.d.ts(1,8): error TS1259: Module '"E:/immigration-portal/node_modules/@types/react/index"' can only be default-imported using the 'esModuleInterop' flag
node_modules/next/dist/shared/lib/loadable-context.shared-runtime.d.ts(1,8): error TS1259: Module '"E:/immigration-portal/node_modules/@types/react/index"' can only be default-imported using the 'esModuleInterop' flag
node_modules/next/dist/shared/lib/loadable.shared-runtime.d.ts(21,8): error TS1259: Module '"E:/immigration-portal/node_modules/@types/react/index"' can only be default-imported using the 'esModuleInterop' flag
node_modules/next/dist/shared/lib/router-context.shared-runtime.d.ts(1,8): error TS1259: Module '"E:/immigration-portal/node_modules/@types/react/index"' can only be default-imported using the 'esModuleInterop' flag
node_modules/next/dist/shared/lib/server-inserted-html.shared-runtime.d.ts(1,8): error TS1259: Module '"E:/immigration-portal/node_modules/@types/react/index"' can only be default-imported using the 'esModuleInterop' flag
node_modules/next/dist/shared/lib/utils.d.ts(12,13): error TS1192: Module '"fs"' has no default export.
node_modules/next/types/index.d.ts(10,13): error TS1259: Module '"E:/immigration-portal/node_modules/@types/react/index"' can only be default-imported using the 'esModuleInterop' flag
node_modules/swr/dist/_internal/index.d.ts(1,8): error TS1259: Module '"E:/immigration-portal/node_modules/@types/react/index"' can only be default-imported using the 'esModuleInterop' flag
